WARNING: We recommend using a newer Android Gradle plugin to use compileSdk = 34

This Android Gradle plugin (8.1.0) was tested up to compileSdk = 33 (and compileSdkPreview = "UpsideDownCakePrivacySandbox").

You are strongly encouraged to update your project to use a newer
Android Gradle plugin that has been tested with compileSdk = 34.

If you are already using the latest version of the Android Gradle plugin,
you may need to wait until a newer version with support for compileSdk = 34 is available.

To suppress this warning, add/update
    android.suppressUnsupportedCompileSdk=34
to this project's gradle.properties.
> Task :app:preBuild UP-TO-DATE
> Task :app:preDebugBuild UP-TO-DATE
> Task :app:mergeDebugNativeDebugMetadata NO-SOURCE
> Task :app:checkDebugAarMetadata FAILED

FAILURE: Build failed with an exception.

* What went wrong:
Execution failed for task ':app:checkDebugAarMetadata'.
> Configuration `:app:debugRuntimeClasspath` contains AndroidX dependencies, but the `android.useAndroidX` property is not enabled, which may cause runtime issues.
  Set `android.useAndroidX=true` in the `gradle.properties` file and retry.
  The following AndroidX dependencies are detected:
  :app:debugRuntimeClasspath -> androidx.compose.ui:ui-tooling:1.4.3
  :app:debugRuntimeClasspath -> androidx.activity:activity-compose:1.7.2
  :app:debugRuntimeClasspath -> androidx.navigation:navigation-compose:2.6.0 -> androidx.navigation:navigation-runtime-ktx:2.6.0 -> androidx.navigation:navigation-common-ktx:2.6.0 -> androidx.navigation:navigation-common:2.6.0 -> androidx.navigation:navigation-runtime:2.6.0 -> androidx.activity:activity-ktx:1.7.2
  :app:debugRuntimeClasspath -> androidx.compose.ui:ui-test-manifest:1.4.3 -> androidx.activity:activity:1.7.2
  :app:debugRuntimeClasspath -> androidx.navigation:navigation-compose:2.6.0 -> androidx.navigation:navigation-runtime-ktx:2.6.0 -> androidx.navigation:navigation-common-ktx:2.6.0 -> androidx.navigation:navigation-runtime:2.6.0 -> androidx.navigation:navigation-common:2.6.0 -> androidx.annotation:annotation:1.6.0
  :app:debugRuntimeClasspath -> androidx.navigation:navigation-compose:2.6.0 -> androidx.navigation:navigation-runtime-ktx:2.6.0 -> androidx.navigation:navigation-common-ktx:2.6.0 -> androidx.navigation:navigation-runtime:2.6.0 -> androidx.navigation:navigation-common:2.6.0 -> androidx.annotation:annotation:1.6.0 -> androidx.annotation:annotation-jvm:1.6.0
  :app:debugRuntimeClasspath -> androidx.navigation:navigation-compose:2.6.0 -> androidx.navigation:navigation-runtime-ktx:2.6.0 -> androidx.navigation:navigation-common-ktx:2.6.0 -> androidx.navigation:navigation-common:2.6.0 -> androidx.navigation:navigation-runtime:2.6.0 -> androidx.collection:collection:1.1.0
  :app:debugRuntimeClasspath -> androidx.navigation:navigation-compose:2.6.0 -> androidx.compose.foundation:foundation-layout:1.4.3 -> androidx.core:core:1.10.1
  :app:debugRuntimeClasspath -> androidx.navigation:navigation-compose:2.6.0 -> androidx.navigation:navigation-runtime-ktx:2.6.0 -> androidx.navigation:navigation-common-ktx:2.6.0 -> androidx.navigation:navigation-common:2.6.0 -> androidx.navigation:navigation-runtime:2.6.0 -> androidx.annotation:annotation-experimental:1.3.0
  :app:debugRuntimeClasspath -> androidx.navigation:navigation-compose:2.6.0 -> androidx.compose.foundation:foundation-layout:1.4.3 -> androidx.core:core:1.10.1 -> androidx.concurrent:concurrent-futures:1.1.0
  :app:debugRuntimeClasspath -> androidx.navigation:navigation-compose:2.6.0 -> androidx.compose.foundation:foundation-layout:1.4.3 -> androidx.core:core:1.10.1 -> androidx.interpolator:interpolator:1.0.0
  :app:debugRuntimeClasspath -> androidx.compose.material3:material3:1.1.1 -> androidx.lifecycle:lifecycle-runtime:2.6.1
  :app:debugRuntimeClasspath -> androidx.compose:compose-bom:2023.06.01 -> androidx.compose.foundation:foundation:1.4.3 -> androidx.emoji2:emoji2:1.3.0 -> androidx.lifecycle:lifecycle-process:2.6.1 -> androidx.lifecycle:lifecycle-livedata-core:2.6.1 -> androidx.arch.core:core-common:2.2.0
  :app:debugRuntimeClasspath -> androidx.compose:compose-bom:2023.06.01 -> androidx.compose.foundation:foundation:1.4.3 -> androidx.emoji2:emoji2:1.3.0 -> androidx.lifecycle:lifecycle-process:2.6.1 -> androidx.lifecycle:lifecycle-livedata-core:2.6.1 -> androidx.arch.core:core-runtime:2.2.0
  :app:debugRuntimeClasspath -> androidx.navigation:navigation-compose:2.6.0 -> androidx.navigation:navigation-runtime-ktx:2.6.0 -> androidx.navigation:navigation-common-ktx:2.6.0 -> androidx.navigation:navigation-runtime:2.6.0 -> androidx.navigation:navigation-common:2.6.0 -> androidx.lifecycle:lifecycle-common:2.6.1
  :app:debugRuntimeClasspath -> androidx.compose.material3:material3:1.1.1 -> androidx.lifecycle:lifecycle-common-java8:2.6.1
  :app:debugRuntimeClasspath -> androidx.lifecycle:lifecycle-runtime-ktx:2.6.1
  :app:debugRuntimeClasspath -> androidx.compose.material3:material3:1.1.1 -> androidx.lifecycle:lifecycle-viewmodel:2.6.1
  :app:debugRuntimeClasspath -> androidx.navigation:navigation-compose:2.6.0 -> androidx.lifecycle:lifecycle-viewmodel-compose:2.6.1
  :app:debugRuntimeClasspath -> androidx.navigation:navigation-compose:2.6.0 -> androidx.compose.runtime:runtime:1.4.3
  :app:debugRuntimeClasspath -> androidx.navigation:navigation-compose:2.6.0 -> androidx.compose.runtime:runtime-saveable:1.4.3
  :app:debugRuntimeClasspath -> androidx.compose.ui:ui:1.4.3
  :app:debugRuntimeClasspath -> androidx.compose.ui:ui:1.4.3 -> androidx.autofill:autofill:1.0.0
  :app:debugRuntimeClasspath -> androidx.compose:compose-bom:2023.06.01 -> androidx.compose.ui:ui-geometry:1.4.3
  :app:debugRuntimeClasspath -> androidx.compose:compose-bom:2023.06.01 -> androidx.compose.ui:ui-util:1.4.3
  :app:debugRuntimeClasspath -> androidx.compose.ui:ui-graphics:1.4.3
  :app:debugRuntimeClasspath -> androidx.compose:compose-bom:2023.06.01 -> androidx.compose.ui:ui-unit:1.4.3
  :app:debugRuntimeClasspath -> androidx.compose.ui:ui-test-manifest:1.4.3
  :app:debugRuntimeClasspath -> androidx.compose:compose-bom:2023.06.01 -> androidx.compose.ui:ui-text:1.4.3
  :app:debugRuntimeClasspath -> androidx.compose:compose-bom:2023.06.01 -> androidx.compose.foundation:foundation:1.4.3 -> androidx.emoji2:emoji2:1.3.0
  :app:debugRuntimeClasspath -> androidx.compose:compose-bom:2023.06.01 -> androidx.compose.foundation:foundation:1.4.3 -> androidx.emoji2:emoji2:1.3.0 -> androidx.lifecycle:lifecycle-process:2.6.1
  :app:debugRuntimeClasspath -> androidx.compose:compose-bom:2023.06.01 -> androidx.compose.foundation:foundation:1.4.3 -> androidx.emoji2:emoji2:1.3.0 -> androidx.startup:startup-runtime:1.1.1
  :app:debugRuntimeClasspath -> androidx.compose.ui:ui-test-manifest:1.4.3 -> androidx.activity:activity:1.7.2 -> androidx.tracing:tracing:1.0.0
  :app:debugRuntimeClasspath -> androidx.compose:compose-bom:2023.06.01 -> androidx.compose.foundation:foundation:1.4.3 -> androidx.emoji2:emoji2:1.3.0 -> androidx.lifecycle:lifecycle-process:2.6.1 -> androidx.lifecycle:lifecycle-livedata-core:2.6.1
  :app:debugRuntimeClasspath -> androidx.navigation:navigation-compose:2.6.0 -> androidx.navigation:navigation-runtime-ktx:2.6.0 -> androidx.navigation:navigation-common-ktx:2.6.0 -> androidx.navigation:navigation-runtime:2.6.0 -> androidx.navigation:navigation-common:2.6.0 -> androidx.lifecycle:lifecycle-viewmodel-ktx:2.6.1
  :app:debugRuntimeClasspath -> androidx.navigation:navigation-compose:2.6.0 -> androidx.navigation:navigation-runtime-ktx:2.6.0 -> androidx.navigation:navigation-common-ktx:2.6.0 -> androidx.navigation:navigation-runtime:2.6.0 -> androidx.navigation:navigation-common:2.6.0 -> androidx.lifecycle:lifecycle-viewmodel-savedstate:2.6.1
  :app:debugRuntimeClasspath -> androidx.core:core-ktx:1.10.1
  :app:debugRuntimeClasspath -> androidx.compose:compose-bom:2023.06.01 -> androidx.compose.material:material:1.4.3 -> androidx.savedstate:savedstate:1.2.1
  :app:debugRuntimeClasspath -> androidx.navigation:navigation-compose:2.6.0 -> androidx.navigation:navigation-runtime-ktx:2.6.0 -> androidx.navigation:navigation-common-ktx:2.6.0 -> androidx.navigation:navigation-runtime:2.6.0 -> androidx.navigation:navigation-common:2.6.0 -> androidx.savedstate:savedstate-ktx:1.2.1
  :app:debugRuntimeClasspath -> androidx.compose:compose-bom:2023.06.01 -> androidx.compose.ui:ui-tooling-data:1.4.3
  :app:debugRuntimeClasspath -> androidx.compose.ui:ui-tooling-preview:1.4.3
  :app:debugRuntimeClasspath -> androidx.compose.ui:ui:1.4.3 -> androidx.customview:customview-poolingcontainer:1.0.0
  :app:debugRuntimeClasspath -> androidx.navigation:navigation-compose:2.6.0 -> androidx.navigation:navigation-runtime-ktx:2.6.0 -> androidx.navigation:navigation-common-ktx:2.6.0 -> androidx.navigation:navigation-runtime:2.6.0 -> androidx.navigation:navigation-common:2.6.0 -> androidx.profileinstaller:profileinstaller:1.3.0
  :app:debugRuntimeClasspath -> androidx.compose:compose-bom:2023.06.01 -> androidx.compose.foundation:foundation:1.4.3
  :app:debugRuntimeClasspath -> androidx.navigation:navigation-compose:2.6.0 -> androidx.compose.animation:animation:1.4.3
  :app:debugRuntimeClasspath -> androidx.compose:compose-bom:2023.06.01 -> androidx.compose.animation:animation-core:1.4.3
  :app:debugRuntimeClasspath -> androidx.navigation:navigation-compose:2.6.0 -> androidx.compose.foundation:foundation-layout:1.4.3
  :app:debugRuntimeClasspath -> androidx.navigation:navigation-compose:2.6.0 -> androidx.compose.foundation:foundation-layout:1.4.3 -> androidx.core:core:1.10.1 -> androidx.versionedparcelable:versionedparcelable:1.1.1
  :app:debugRuntimeClasspath -> androidx.compose:compose-bom:2023.06.01 -> androidx.compose.material:material:1.4.3
  :app:debugRuntimeClasspath -> androidx.compose:compose-bom:2023.06.01 -> androidx.compose.material:material-icons-core:1.4.3
  :app:debugRuntimeClasspath -> androidx.compose:compose-bom:2023.06.01 -> androidx.compose.material:material-ripple:1.4.3
  :app:debugRuntimeClasspath -> androidx.compose:compose-bom:2023.06.01
  :app:debugRuntimeClasspath -> androidx.compose.material3:material3:1.1.1
  :app:debugRuntimeClasspath -> androidx.navigation:navigation-compose:2.6.0
  :app:debugRuntimeClasspath -> androidx.navigation:navigation-compose:2.6.0 -> androidx.navigation:navigation-common-ktx:2.6.0 -> androidx.navigation:navigation-runtime:2.6.0 -> androidx.navigation:navigation-common:2.6.0 -> androidx.navigation:navigation-runtime-ktx:2.6.0
  :app:debugRuntimeClasspath -> androidx.navigation:navigation-compose:2.6.0 -> androidx.navigation:navigation-runtime-ktx:2.6.0 -> androidx.navigation:navigation-runtime:2.6.0 -> androidx.navigation:navigation-common:2.6.0 -> androidx.navigation:navigation-common-ktx:2.6.0
  :app:debugRuntimeClasspath -> androidx.navigation:navigation-compose:2.6.0 -> androidx.navigation:navigation-runtime-ktx:2.6.0 -> androidx.navigation:navigation-common-ktx:2.6.0 -> androidx.navigation:navigation-runtime:2.6.0 -> androidx.navigation:navigation-common:2.6.0
  :app:debugRuntimeClasspath -> androidx.navigation:navigation-compose:2.6.0 -> androidx.navigation:navigation-runtime-ktx:2.6.0 -> androidx.navigation:navigation-common-ktx:2.6.0 -> androidx.navigation:navigation-runtime:2.6.0 -> androidx.navigation:navigation-common:2.6.0 -> androidx.collection:collection-ktx:1.1.0
  :app:debugRuntimeClasspath -> androidx.navigation:navigation-compose:2.6.0 -> androidx.navigation:navigation-runtime-ktx:2.6.0 -> androidx.navigation:navigation-common-ktx:2.6.0 -> androidx.navigation:navigation-common:2.6.0 -> androidx.navigation:navigation-runtime:2.6.0
  :app:debugRuntimeClasspath -> androidx.room:room-runtime:2.5.2
  :app:debugRuntimeClasspath -> androidx.room:room-ktx:2.5.2 -> androidx.room:room-common:2.5.2
  :app:debugRuntimeClasspath -> androidx.room:room-runtime:2.5.2 -> androidx.sqlite:sqlite:2.3.1
  :app:debugRuntimeClasspath -> androidx.room:room-runtime:2.5.2 -> androidx.sqlite:sqlite-framework:2.3.1
  :app:debugRuntimeClasspath -> androidx.room:room-ktx:2.5.2
  :app:debugRuntimeClasspath -> androidx.datastore:datastore-preferences:1.0.0
  :app:debugRuntimeClasspath -> androidx.datastore:datastore-preferences:1.0.0 -> androidx.datastore:datastore:1.0.0
  :app:debugRuntimeClasspath -> androidx.datastore:datastore-preferences:1.0.0 -> androidx.datastore:datastore:1.0.0 -> androidx.datastore:datastore-core:1.0.0
  :app:debugRuntimeClasspath -> androidx.datastore:datastore-preferences:1.0.0 -> androidx.datastore:datastore-preferences-core:1.0.0

* Try:
> Run with --stacktrace option to get the stack trace.
> Run with --info or --debug option to get more log output.
> Run with --scan to get full insights.
> Get more help at https://help.gradle.org.

BUILD FAILED in 900ms
1 actionable task: 1 executed
